case    rate    g   k t_layer |  Dmax@$0.01 |    eps(D=1e4)  eps(D=1.2e7)
B4x12  0.631    1   1   1e-07 |     4.5e+03 |       0.00255      1.36e-08
B4x12  0.631    1   1   1e-06 |         450 |      4.94e-05      2.63e-10
B4x12  0.631    1  10   1e-07 |         450 |      4.94e-05      2.63e-10
B4x12  0.631    1  10   1e-06 |          45 |      9.57e-07      5.11e-12
B4x12  0.631   16   1   1e-07 |         281 |      2.21e-05      1.18e-10
B4x12  0.631   16   1   1e-06 |        28.1 |      4.28e-07      2.28e-12
B4x12  0.631   16  10   1e-07 |        28.1 |      4.28e-07      2.28e-12
B4x12  0.631   16  10   1e-06 |        2.81 |       8.3e-09         1e-12
B4x12  0.631  100   1   1e-07 |          45 |      9.57e-07      5.11e-12
B4x12  0.631  100   1   1e-06 |         4.5 |      1.86e-08         1e-12
B4x12  0.631  100  10   1e-07 |         4.5 |      1.86e-08         1e-12
B4x12  0.631  100  10   1e-06 |        0.45 |       3.6e-10         1e-12
B8x52  0.571    1   1   1e-07 |    3.58e+04 |          0.01      4.38e-06
B8x52  0.571    1   1   1e-06 |    3.58e+03 |       0.00255      2.05e-07
B8x52  0.571    1  10   1e-07 |    3.58e+03 |       0.00255      2.05e-07
B8x52  0.571    1  10   1e-06 |         358 |      0.000119      9.59e-09
B8x52  0.571   16   1   1e-07 |    2.24e+03 |       0.00136       1.1e-07
B8x52  0.571   16   1   1e-06 |         224 |      6.39e-05      5.13e-09
B8x52  0.571   16  10   1e-07 |         224 |      6.39e-05      5.13e-09
B8x52  0.571   16  10   1e-06 |        22.4 |      2.99e-06       2.4e-10
B8x52  0.571  100   1   1e-07 |         358 |      0.000119      9.59e-09
B8x52  0.571  100   1   1e-06 |        35.8 |      5.58e-06      4.49e-10
B8x52  0.571  100  10   1e-07 |        35.8 |      5.58e-06      4.49e-10
B8x52  0.571  100  10   1e-06 |        3.58 |      2.61e-07       2.1e-11
